// Jest Snapshot v1, https://goo.gl/fbAQLP

exports[`remove displayName should pass with usage of hoc 1`] = `
"export const FunctionalComponent = () => {
  return /*#__PURE__*/React.createElement("div", null);
};
if (process.env.NODE_ENV !== "production") {
  FunctionalComponent.displayName = 'FunctionalComponent';
}
function FunctionComponent() {
  return /*#__PURE__*/React.createElement("div", null);
}
if (process.env.NODE_ENV !== "production") {
  FunctionComponent.displayName = 'FunctionComponent';
}
const withData = component => {
  return component;
};
const withNested = withData;
const otherFunc = withData;
const WithHOCFunctional = withData(FunctionalComponent);
if (process.env.NODE_ENV !== "production") {
  WithHOCFunctional.displayName = 'WithHOCFunctional';
}
const WithHOCFunctionComponent = withData(withNested(FunctionalComponent));
if (process.env.NODE_ENV !== "production") {
  WithHOCFunctionComponent.displayName = 'WithHOCFunctionComponent';
}
const NoneFunctionComponent = otherFunc(FunctionalComponent);
NoneFunctionComponent.displayName = 'NoneFunctionComponent';
const noneUppercaseVarFunctionComponent = withData(FunctionalComponent);
noneUppercaseVarFunctionComponent.displayName = 'noneUppercaseVarFunctionComponent';"
`;
